---
source: slotted-pig-lib/src/tests.rs
expression: categorizer.categorize(&transactions)
---
{
  "categorized": [
    {
      "category": "expenses",
      "total": "-30",
      "subcategories": [
        {
          "category": "store",
          "total": "-30",
          "subcategories": [],
          "transactions": [
            {
              "amount": "-10",
              "account": "credit card",
              "description": "store1",
              "time": "2024-02-24T20:10:59Z"
            },
            {
              "amount": "-20",
              "account": "credit card",
              "description": "store2",
              "time": "2024-02-23T20:10:59Z"
            }
          ]
        }
      ],
      "transactions": []
    },
    {
      "category": "income",
      "total": "5",
      "subcategories": [
        {
          "category": "paycheck",
          "total": "5",
          "subcategories": [],
          "transactions": [
            {
              "amount": "5",
              "account": "checking",
              "description": "paycheck",
              "time": "2024-02-01T20:10:59Z"
            }
          ]
        }
      ],
      "transactions": []
    }
  ]
}
